  Determining projects to restore...
  All projects are up-to-date for restore.
C:\Program Files\dotnet\sdk\10.0.301\Microsoft.Common.CurrentVersion.targets(5397,5): warning MSB3026: Could not copy "c:\Users\moham\Desktop\Proj\ElectronicsStore.API\obj\Debug\net8.0\apphost.exe" to "bin\Debug\net8.0\ElectronicsStore.API.exe". Beginning retry 1 in 1000ms. The process cannot access the file 'c:\Users\moham\Desktop\Proj\ElectronicsStore.API\bin\Debug\net8.0\ElectronicsStore.API.exe' because it is being used by another process. The file is locked by: "ElectronicsStore.API (10740)" [c:\Users\moham\Desktop\Proj\ElectronicsStore.API\ElectronicsStore.API.csproj]
C:\Program Files\dotnet\sdk\10.0.301\Microsoft.Common.CurrentVersion.targets(5397,5): warning MSB3026: Could not copy "c:\Users\moham\Desktop\Proj\ElectronicsStore.API\obj\Debug\net8.0\apphost.exe" to "bin\Debug\net8.0\ElectronicsStore.API.exe". Beginning retry 2 in 1000ms. The process cannot access the file 'c:\Users\moham\Desktop\Proj\ElectronicsStore.API\bin\Debug\net8.0\ElectronicsStore.API.exe' because it is being used by another process. The file is locked by: "ElectronicsStore.API (10740)" [c:\Users\moham\Desktop\Proj\ElectronicsStore.API\ElectronicsStore.API.csproj]
C:\Program Files\dotnet\sdk\10.0.301\Microsoft.Common.CurrentVersion.targets(5397,5): warning MSB3026: Could not copy "c:\Users\moham\Desktop\Proj\ElectronicsStore.API\obj\Debug\net8.0\apphost.exe" to "bin\Debug\net8.0\ElectronicsStore.API.exe". Beginning retry 3 in 1000ms. The process cannot access the file 'c:\Users\moham\Desktop\Proj\ElectronicsStore.API\bin\Debug\net8.0\ElectronicsStore.API.exe' because it is being used by another process. The file is locked by: "ElectronicsStore.API (10740)" [c:\Users\moham\Desktop\Proj\ElectronicsStore.API\ElectronicsStore.API.csproj]
C:\Program Files\dotnet\sdk\10.0.301\Microsoft.Common.CurrentVersion.targets(5397,5): warning MSB3026: Could not copy "c:\Users\moham\Desktop\Proj\ElectronicsStore.API\obj\Debug\net8.0\apphost.exe" to "bin\Debug\net8.0\ElectronicsStore.API.exe". Beginning retry 4 in 1000ms. The process cannot access the file 'c:\Users\moham\Desktop\Proj\ElectronicsStore.API\bin\Debug\net8.0\ElectronicsStore.API.exe' because it is being used by another process. The file is locked by: "ElectronicsStore.API (10740)" [c:\Users\moham\Desktop\Proj\ElectronicsStore.API\ElectronicsStore.API.csproj]
C:\Program Files\dotnet\sdk\10.0.301\Microsoft.Common.CurrentVersion.targets(5397,5): warning MSB3026: Could not copy "c:\Users\moham\Desktop\Proj\ElectronicsStore.API\obj\Debug\net8.0\apphost.exe" to "bin\Debug\net8.0\ElectronicsStore.API.exe". Beginning retry 5 in 1000ms. The process cannot access the file 'c:\Users\moham\Desktop\Proj\ElectronicsStore.API\bin\Debug\net8.0\ElectronicsStore.API.exe' because it is being used by another process. The file is locked by: "ElectronicsStore.API (10740)" [c:\Users\moham\Desktop\Proj\ElectronicsStore.API\ElectronicsStore.API.csproj]
C:\Program Files\dotnet\sdk\10.0.301\Microsoft.Common.CurrentVersion.targets(5397,5): warning MSB3026: Could not copy "c:\Users\moham\Desktop\Proj\ElectronicsStore.API\obj\Debug\net8.0\apphost.exe" to "bin\Debug\net8.0\ElectronicsStore.API.exe". Beginning retry 6 in 1000ms. The process cannot access the file 'c:\Users\moham\Desktop\Proj\ElectronicsStore.API\bin\Debug\net8.0\ElectronicsStore.API.exe' because it is being used by another process. The file is locked by: "ElectronicsStore.API (10740)" [c:\Users\moham\Desktop\Proj\ElectronicsStore.API\ElectronicsStore.API.csproj]
C:\Program Files\dotnet\sdk\10.0.301\Microsoft.Common.CurrentVersion.targets(5397,5): warning MSB3026: Could not copy "c:\Users\moham\Desktop\Proj\ElectronicsStore.API\obj\Debug\net8.0\apphost.exe" to "bin\Debug\net8.0\ElectronicsStore.API.exe". Beginning retry 7 in 1000ms. The process cannot access the file 'c:\Users\moham\Desktop\Proj\ElectronicsStore.API\bin\Debug\net8.0\ElectronicsStore.API.exe' because it is being used by another process. The file is locked by: "ElectronicsStore.API (10740)" [c:\Users\moham\Desktop\Proj\ElectronicsStore.API\ElectronicsStore.API.csproj]
C:\Program Files\dotnet\sdk\10.0.301\Microsoft.Common.CurrentVersion.targets(5397,5): warning MSB3026: Could not copy "c:\Users\moham\Desktop\Proj\ElectronicsStore.API\obj\Debug\net8.0\apphost.exe" to "bin\Debug\net8.0\ElectronicsStore.API.exe". Beginning retry 8 in 1000ms. The process cannot access the file 'c:\Users\moham\Desktop\Proj\ElectronicsStore.API\bin\Debug\net8.0\ElectronicsStore.API.exe' because it is being used by another process. The file is locked by: "ElectronicsStore.API (10740)" [c:\Users\moham\Desktop\Proj\ElectronicsStore.API\ElectronicsStore.API.csproj]
C:\Program Files\dotnet\sdk\10.0.301\Microsoft.Common.CurrentVersion.targets(5397,5): warning MSB3026: Could not copy "c:\Users\moham\Desktop\Proj\ElectronicsStore.API\obj\Debug\net8.0\apphost.exe" to "bin\Debug\net8.0\ElectronicsStore.API.exe". Beginning retry 9 in 1000ms. The process cannot access the file 'c:\Users\moham\Desktop\Proj\ElectronicsStore.API\bin\Debug\net8.0\ElectronicsStore.API.exe' because it is being used by another process. The file is locked by: "ElectronicsStore.API (10740)" [c:\Users\moham\Desktop\Proj\ElectronicsStore.API\ElectronicsStore.API.csproj]
C:\Program Files\dotnet\sdk\10.0.301\Microsoft.Common.CurrentVersion.targets(5397,5): warning MSB3026: Could not copy "c:\Users\moham\Desktop\Proj\ElectronicsStore.API\obj\Debug\net8.0\apphost.exe" to "bin\Debug\net8.0\ElectronicsStore.API.exe". Beginning retry 10 in 1000ms. The process cannot access the file 'c:\Users\moham\Desktop\Proj\ElectronicsStore.API\bin\Debug\net8.0\ElectronicsStore.API.exe' because it is being used by another process. The file is locked by: "ElectronicsStore.API (10740)" [c:\Users\moham\Desktop\Proj\ElectronicsStore.API\ElectronicsStore.API.csproj]
C:\Program Files\dotnet\sdk\10.0.301\Microsoft.Common.CurrentVersion.targets(5397,5): error MSB3027: Could not copy "c:\Users\moham\Desktop\Proj\ElectronicsStore.API\obj\Debug\net8.0\apphost.exe" to "bin\Debug\net8.0\ElectronicsStore.API.exe". Exceeded retry count of 10. Failed. The file is locked by: "ElectronicsStore.API (10740)" [c:\Users\moham\Desktop\Proj\ElectronicsStore.API\ElectronicsStore.API.csproj]
C:\Program Files\dotnet\sdk\10.0.301\Microsoft.Common.CurrentVersion.targets(5397,5): error MSB3021: Unable to copy file "c:\Users\moham\Desktop\Proj\ElectronicsStore.API\obj\Debug\net8.0\apphost.exe" to "bin\Debug\net8.0\ElectronicsStore.API.exe". The process cannot access the file 'c:\Users\moham\Desktop\Proj\ElectronicsStore.API\bin\Debug\net8.0\ElectronicsStore.API.exe' because it is being used by another process. [c:\Users\moham\Desktop\Proj\ElectronicsStore.API\ElectronicsStore.API.csproj]

Build FAILED.

C:\Program Files\dotnet\sdk\10.0.301\Microsoft.Common.CurrentVersion.targets(5397,5): warning MSB3026: Could not copy "c:\Users\moham\Desktop\Proj\ElectronicsStore.API\obj\Debug\net8.0\apphost.exe" to "bin\Debug\net8.0\ElectronicsStore.API.exe". Beginning retry 1 in 1000ms. The process cannot access the file 'c:\Users\moham\Desktop\Proj\ElectronicsStore.API\bin\Debug\net8.0\ElectronicsStore.API.exe' because it is being used by another process. The file is locked by: "ElectronicsStore.API (10740)" [c:\Users\moham\Desktop\Proj\ElectronicsStore.API\ElectronicsStore.API.csproj]
C:\Program Files\dotnet\sdk\10.0.301\Microsoft.Common.CurrentVersion.targets(5397,5): warning MSB3026: Could not copy "c:\Users\moham\Desktop\Proj\ElectronicsStore.API\obj\Debug\net8.0\apphost.exe" to "bin\Debug\net8.0\ElectronicsStore.API.exe". Beginning retry 2 in 1000ms. The process cannot access the file 'c:\Users\moham\Desktop\Proj\ElectronicsStore.API\bin\Debug\net8.0\ElectronicsStore.API.exe' because it is being used by another process. The file is locked by: "ElectronicsStore.API (10740)" [c:\Users\moham\Desktop\Proj\ElectronicsStore.API\ElectronicsStore.API.csproj]
C:\Program Files\dotnet\sdk\10.0.301\Microsoft.Common.CurrentVersion.targets(5397,5): warning MSB3026: Could not copy "c:\Users\moham\Desktop\Proj\ElectronicsStore.API\obj\Debug\net8.0\apphost.exe" to "bin\Debug\net8.0\ElectronicsStore.API.exe". Beginning retry 3 in 1000ms. The process cannot access the file 'c:\Users\moham\Desktop\Proj\ElectronicsStore.API\bin\Debug\net8.0\ElectronicsStore.API.exe' because it is being used by another process. The file is locked by: "ElectronicsStore.API (10740)" [c:\Users\moham\Desktop\Proj\ElectronicsStore.API\ElectronicsStore.API.csproj]
C:\Program Files\dotnet\sdk\10.0.301\Microsoft.Common.CurrentVersion.targets(5397,5): warning MSB3026: Could not copy "c:\Users\moham\Desktop\Proj\ElectronicsStore.API\obj\Debug\net8.0\apphost.exe" to "bin\Debug\net8.0\ElectronicsStore.API.exe". Beginning retry 4 in 1000ms. The process cannot access the file 'c:\Users\moham\Desktop\Proj\ElectronicsStore.API\bin\Debug\net8.0\ElectronicsStore.API.exe' because it is being used by another process. The file is locked by: "ElectronicsStore.API (10740)" [c:\Users\moham\Desktop\Proj\ElectronicsStore.API\ElectronicsStore.API.csproj]
C:\Program Files\dotnet\sdk\10.0.301\Microsoft.Common.CurrentVersion.targets(5397,5): warning MSB3026: Could not copy "c:\Users\moham\Desktop\Proj\ElectronicsStore.API\obj\Debug\net8.0\apphost.exe" to "bin\Debug\net8.0\ElectronicsStore.API.exe". Beginning retry 5 in 1000ms. The process cannot access the file 'c:\Users\moham\Desktop\Proj\ElectronicsStore.API\bin\Debug\net8.0\ElectronicsStore.API.exe' because it is being used by another process. The file is locked by: "ElectronicsStore.API (10740)" [c:\Users\moham\Desktop\Proj\ElectronicsStore.API\ElectronicsStore.API.csproj]
C:\Program Files\dotnet\sdk\10.0.301\Microsoft.Common.CurrentVersion.targets(5397,5): warning MSB3026: Could not copy "c:\Users\moham\Desktop\Proj\ElectronicsStore.API\obj\Debug\net8.0\apphost.exe" to "bin\Debug\net8.0\ElectronicsStore.API.exe". Beginning retry 6 in 1000ms. The process cannot access the file 'c:\Users\moham\Desktop\Proj\ElectronicsStore.API\bin\Debug\net8.0\ElectronicsStore.API.exe' because it is being used by another process. The file is locked by: "ElectronicsStore.API (10740)" [c:\Users\moham\Desktop\Proj\ElectronicsStore.API\ElectronicsStore.API.csproj]
C:\Program Files\dotnet\sdk\10.0.301\Microsoft.Common.CurrentVersion.targets(5397,5): warning MSB3026: Could not copy "c:\Users\moham\Desktop\Proj\ElectronicsStore.API\obj\Debug\net8.0\apphost.exe" to "bin\Debug\net8.0\ElectronicsStore.API.exe". Beginning retry 7 in 1000ms. The process cannot access the file 'c:\Users\moham\Desktop\Proj\ElectronicsStore.API\bin\Debug\net8.0\ElectronicsStore.API.exe' because it is being used by another process. The file is locked by: "ElectronicsStore.API (10740)" [c:\Users\moham\Desktop\Proj\ElectronicsStore.API\ElectronicsStore.API.csproj]
C:\Program Files\dotnet\sdk\10.0.301\Microsoft.Common.CurrentVersion.targets(5397,5): warning MSB3026: Could not copy "c:\Users\moham\Desktop\Proj\ElectronicsStore.API\obj\Debug\net8.0\apphost.exe" to "bin\Debug\net8.0\ElectronicsStore.API.exe". Beginning retry 8 in 1000ms. The process cannot access the file 'c:\Users\moham\Desktop\Proj\ElectronicsStore.API\bin\Debug\net8.0\ElectronicsStore.API.exe' because it is being used by another process. The file is locked by: "ElectronicsStore.API (10740)" [c:\Users\moham\Desktop\Proj\ElectronicsStore.API\ElectronicsStore.API.csproj]
C:\Program Files\dotnet\sdk\10.0.301\Microsoft.Common.CurrentVersion.targets(5397,5): warning MSB3026: Could not copy "c:\Users\moham\Desktop\Proj\ElectronicsStore.API\obj\Debug\net8.0\apphost.exe" to "bin\Debug\net8.0\ElectronicsStore.API.exe". Beginning retry 9 in 1000ms. The process cannot access the file 'c:\Users\moham\Desktop\Proj\ElectronicsStore.API\bin\Debug\net8.0\ElectronicsStore.API.exe' because it is being used by another process. The file is locked by: "ElectronicsStore.API (10740)" [c:\Users\moham\Desktop\Proj\ElectronicsStore.API\ElectronicsStore.API.csproj]
C:\Program Files\dotnet\sdk\10.0.301\Microsoft.Common.CurrentVersion.targets(5397,5): warning MSB3026: Could not copy "c:\Users\moham\Desktop\Proj\ElectronicsStore.API\obj\Debug\net8.0\apphost.exe" to "bin\Debug\net8.0\ElectronicsStore.API.exe". Beginning retry 10 in 1000ms. The process cannot access the file 'c:\Users\moham\Desktop\Proj\ElectronicsStore.API\bin\Debug\net8.0\ElectronicsStore.API.exe' because it is being used by another process. The file is locked by: "ElectronicsStore.API (10740)" [c:\Users\moham\Desktop\Proj\ElectronicsStore.API\ElectronicsStore.API.csproj]
C:\Program Files\dotnet\sdk\10.0.301\Microsoft.Common.CurrentVersion.targets(5397,5): error MSB3027: Could not copy "c:\Users\moham\Desktop\Proj\ElectronicsStore.API\obj\Debug\net8.0\apphost.exe" to "bin\Debug\net8.0\ElectronicsStore.API.exe". Exceeded retry count of 10. Failed. The file is locked by: "ElectronicsStore.API (10740)" [c:\Users\moham\Desktop\Proj\ElectronicsStore.API\ElectronicsStore.API.csproj]
C:\Program Files\dotnet\sdk\10.0.301\Microsoft.Common.CurrentVersion.targets(5397,5): error MSB3021: Unable to copy file "c:\Users\moham\Desktop\Proj\ElectronicsStore.API\obj\Debug\net8.0\apphost.exe" to "bin\Debug\net8.0\ElectronicsStore.API.exe". The process cannot access the file 'c:\Users\moham\Desktop\Proj\ElectronicsStore.API\bin\Debug\net8.0\ElectronicsStore.API.exe' because it is being used by another process. [c:\Users\moham\Desktop\Proj\ElectronicsStore.API\ElectronicsStore.API.csproj]
    10 Warning(s)
    2 Error(s)

Time Elapsed 00:00:18.60
